// Vitest Snapshot v1, https://vitest.dev/guide/snapshot.html

exports[`InputWithLabel > renders snapshot 1`] = `
HTMLCollection [
  <label
    class="sc-beySPh ieXUgp"
    for="search"
  >
    Search:
  </label>,
  <input
    class="sc-guDLey bOOkIh"
    id="search"
    type="text"
    value="React"
  />,
]
`;
